
2021-06-10 13:50:02 Cannot connect to database.
2021-06-10 13:57:35 Cannot connect to database.
2021-06-10 13:57:41 Cannot connect to database.
2021-06-10 13:57:46 Cannot connect to database.
2021-06-10 13:57:52 Cannot connect to database.
2021-06-10 13:57:58 Cannot connect to database.
2021-06-10 13:58:03 Cannot connect to database.
2021-06-10 13:58:09 Cannot connect to database.
2021-06-10 13:58:15 Cannot connect to database.
2021-06-10 13:58:21 Cannot connect to database.
2021-06-10 13:58:27 Cannot connect to database.
2021-06-10 13:58:33 Cannot connect to database.
2021-06-10 13:58:38 Cannot connect to database.
2021-06-10 13:58:44 Cannot connect to database.
2021-06-10 13:58:50 Cannot connect to database.
2021-06-10 13:58:56 Cannot connect to database.
2021-06-10 13:59:01 Cannot connect to database.
2021-06-10 13:59:07 Cannot connect to database.
2021-06-10 13:59:13 Cannot connect to database.
2021-06-10 13:59:19 Cannot connect to database.
2021-06-10 13:59:24 Cannot connect to database.
2021-06-10 13:59:30 Cannot connect to database.
2021-06-10 13:59:35 Cannot connect to database.
2021-06-10 13:59:41 Cannot connect to database.
2021-06-10 13:59:46 Cannot connect to database.
2021-06-10 13:59:52 Cannot connect to database.
2021-06-10 13:59:58 Cannot connect to database.
2021-06-10 14:00:04 Cannot connect to database.
2021-06-10 14:00:10 Cannot connect to database.
2021-06-10 14:00:15 Cannot connect to database.
2021-06-10 14:00:21 Cannot connect to database.
2021-06-10 14:11:45 Cannot connect to database.
2022-08-10 14:43:44 Cannot connect to database.
2022-08-10 14:44:04 Cannot connect to database.
2022-08-10 14:48:00 Table 'chat.blabax_settings' doesn't exist
2023-02-27 08:59:00 Cannot connect to database.
2023-02-27 08:59:16 Cannot connect to database.
2023-02-27 08:59:32 Cannot connect to database.
2023-02-27 08:59:46 Cannot connect to database.